Pinned source available: brightness severity=1
Pinned source available: brightness severity=2
Pinned source available: brightness severity=3
Pinned source available: brightness severity=4
Pinned source available: brightness severity=5
Pinned source available: clean_test severity=0
Pinned source available: contrast severity=1
Pinned source available: contrast severity=2
Pinned source available: contrast severity=3
Pinned source available: contrast severity=4
Pinned source available: contrast severity=5
Pinned source available: defocus_blur severity=1
Pinned source available: defocus_blur severity=2
Pinned source available: defocus_blur severity=3
Pinned source available: defocus_blur severity=4
Pinned source available: defocus_blur severity=5
Pinned source available: elastic_transform severity=1
Pinned source available: elastic_transform severity=2
Pinned source available: elastic_transform severity=3
Pinned source available: elastic_transform severity=4
Pinned source available: elastic_transform severity=5
Pinned source available: fog severity=1
Pinned source available: fog severity=2
Pinned source available: fog severity=3
Pinned source available: fog severity=4
Pinned source available: fog severity=5
Pinned source available: frost severity=1
Pinned source available: frost severity=2
Pinned source available: frost severity=3
Pinned source available: frost severity=4
Pinned source available: frost severity=5
Pinned source available: gaussian_blur severity=1
Pinned source available: gaussian_blur severity=2
Pinned source available: gaussian_blur severity=3
Pinned source available: gaussian_blur severity=4
Pinned source available: gaussian_blur severity=5
Pinned source available: gaussian_noise severity=1
Pinned source available: gaussian_noise severity=2
Pinned source available: gaussian_noise severity=3
Pinned source available: gaussian_noise severity=4
Pinned source available: gaussian_noise severity=5
Pinned source available: glass_blur severity=1
Pinned source available: glass_blur severity=2
Pinned source available: glass_blur severity=3
Pinned source available: glass_blur severity=4
Pinned source available: glass_blur severity=5
Pinned source available: impulse_noise severity=1
Pinned source available: impulse_noise severity=2
Pinned source available: impulse_noise severity=3
Pinned source available: impulse_noise severity=4
Pinned source available: impulse_noise severity=5
Pinned source available: jpeg_compression severity=1
Pinned source available: jpeg_compression severity=2
Pinned source available: jpeg_compression severity=3
Pinned source available: jpeg_compression severity=4
Pinned source available: jpeg_compression severity=5
Pinned source available: motion_blur severity=1
Pinned source available: motion_blur severity=2
Pinned source available: motion_blur severity=3
Pinned source available: motion_blur severity=4
Pinned source available: motion_blur severity=5
Pinned source available: pixelate severity=1
Pinned source available: pixelate severity=2
Pinned source available: pixelate severity=3
Pinned source available: pixelate severity=4
Pinned source available: pixelate severity=5
Pinned source available: saturate severity=1
Pinned source available: saturate severity=2
Pinned source available: saturate severity=3
Pinned source available: saturate severity=4
Pinned source available: saturate severity=5
Pinned source available: shot_noise severity=1
Pinned source available: shot_noise severity=2
Pinned source available: shot_noise severity=3
Pinned source available: shot_noise severity=4
Pinned source available: shot_noise severity=5
Pinned source available: snow severity=1
Pinned source available: snow severity=2
Pinned source available: snow severity=3
Pinned source available: snow severity=4
Pinned source available: snow severity=5
Pinned source available: spatter severity=1
Pinned source available: spatter severity=2
Pinned source available: spatter severity=3
Pinned source available: spatter severity=4
Pinned source available: spatter severity=5
Pinned source available: speckle_noise severity=1
Pinned source available: speckle_noise severity=2
Pinned source available: speckle_noise severity=3
Pinned source available: speckle_noise severity=4
Pinned source available: speckle_noise severity=5
Pinned source available: zoom_blur severity=1
Pinned source available: zoom_blur severity=2
Pinned source available: zoom_blur severity=3
Pinned source available: zoom_blur severity=4
Pinned source available: zoom_blur severity=5
